// Vitest Snapshot v1

exports[`Message component is displaying 1`] = `
<DocumentFragment>
  <div
    class="_theirs_860ff2"
  >
    <div
      class="chat-meta "
    >
      <span
        class="username"
        style="color: rgb(139, 233, 253);"
      >
        linus
      </span>
      <span
        class="muted timestamp"
      >
        9:44 PM
      </span>
    </div>
    <div
      class="chat _bubble_860ff2 _bubbleTheirs_860ff2"
    >
      we come in peace
    </div>
  </div>
</DocumentFragment>
`;
